প্রাকৃতিক need to handle in last step   প্রকৃতি 
need to handle when no match found

replace _ , ;




input  তাকেই
তাকেই ---> তাকা

input  এসে
এসে ---> এসব


input  দিতে
দিতে ---> দিন


input  ছাত্রদের       utf error
ছাত্রদের not in database

input  হয়েছে
হয়েছে not in database
